[0m17:59:14.679475 [debug] [MainThread]: Sending event: {'category': 'dbt', 'action': 'invocation', 'label': 'start', 'context': [<snowplow_tracker.self_describing_json.SelfDescribingJson object at 0x0000020A07BF0A60>, <snowplow_tracker.self_describing_json.SelfDescribingJson object at 0x0000020A08AC1700>, <snowplow_tracker.self_describing_json.SelfDescribingJson object at 0x0000020A08AC14C0>]}


============================== 17:59:14.691248 | ddbea1b1-0fc7-4522-921a-5e2d29b7c2af ==============================
[0m17:59:14.691248 [info ] [MainThread]: Running with dbt=1.9.4
[0m17:59:14.691248 [debug] [MainThread]: running dbt with arguments {'printer_width': '80', 'indirect_selection': 'eager', 'write_json': 'True', 'log_cache_events': 'False', 'partial_parse': 'True', 'cache_selected_only': 'False', 'warn_error': 'None', 'fail_fast': 'False', 'profiles_dir': 'C:\\Users\\GlenChue\\.dbt', 'log_path': 'logs', 'debug': 'False', 'version_check': 'True', 'use_colors': 'True', 'use_experimental_parser': 'False', 'no_print': 'None', 'quiet': 'False', 'empty': 'None', 'log_format': 'default', 'invocation_command': 'dbt init dbt-model', 'introspect': 'True', 'static_parser': 'True', 'target_path': 'None', 'warn_error_options': 'WarnErrorOptions(include=[], exclude=[])', 'send_anonymous_usage_stats': 'True'}
[0m17:59:14.754705 [warn ] [MainThread]: [ConfigFolderDirectory]: Unable to parse logging event dictionary. Failed to parse dir field: expected string or bytes-like object.. Dictionary: {'dir': WindowsPath('C:/Users/GlenChue/.dbt')}
[0m17:59:14.763654 [info ] [MainThread]: Creating dbt configuration folder at 
[0m17:59:26.519807 [debug] [MainThread]: Starter project path: C:\Users\GlenChue\miniconda3\envs\dbt-all\lib\site-packages\dbt\include\starter_project
[0m17:59:26.606450 [info ] [MainThread]: 
Your new dbt project "dbt_testing_project" was created!

For more information on how to configure the profiles.yml file,
please consult the dbt documentation here:

  https://docs.getdbt.com/docs/configure-your-profile

One more thing:

Need help? Don't hesitate to reach out to us via GitHub issues or on Slack:

  https://community.getdbt.com/

Happy modeling!

[0m17:59:26.606450 [info ] [MainThread]: Setting up your profile.
[0m17:59:36.574267 [debug] [MainThread]: Redshift adapter: Setting redshift_connector to ERROR
[0m17:59:36.574267 [debug] [MainThread]: Redshift adapter: Setting redshift_connector.core to ERROR
[0m18:02:00.020128 [info ] [MainThread]: Profile dbt_testing_project written to C:\Users\GlenChue\.dbt\profiles.yml using target's profile_template.yml and your supplied values. Run 'dbt debug' to validate the connection.
[0m18:02:00.038197 [debug] [MainThread]: Command `dbt init` succeeded at 18:02:00.038197 after 165.53 seconds
[0m18:02:00.041900 [debug] [MainThread]: Sending event: {'category': 'dbt', 'action': 'invocation', 'label': 'end', 'context': [<snowplow_tracker.self_describing_json.SelfDescribingJson object at 0x0000020A07BF0A60>, <snowplow_tracker.self_describing_json.SelfDescribingJson object at 0x0000020A08AC1400>, <snowplow_tracker.self_describing_json.SelfDescribingJson object at 0x0000020A08B26430>]}
[0m18:02:00.045392 [debug] [MainThread]: Flushing usage events
[0m18:02:01.700204 [debug] [MainThread]: An error was encountered while trying to flush usage events
